
===========================================================================
 report_power
============================================================================
======================= max_ff_n40C_1v95 Corner ===================================

Group                    Internal    Switching      Leakage        Total
                            Power        Power        Power        Power (Watts)
------------------------------------------------------------------------
Sequential           2.306135e-03 9.810464e-05 2.747269e-08 2.404267e-03  34.9%
Combinational        4.548292e-04 1.005963e-03 8.584353e-08 1.460878e-03  21.2%
Clock                1.405111e-03 1.309805e-03 2.683762e-08 2.714943e-03  39.4%
Macro                3.141761e-04 2.152377e-06 2.302500e-09 3.163307e-04   4.6%
Pad                  0.000000e+00 0.000000e+00 0.000000e+00 0.000000e+00   0.0%
------------------------------------------------------------------------
Total                4.480253e-03 2.416024e-03 1.424610e-07 6.896419e-03 100.0%
                            65.0%        35.0%         0.0%

