
===========================================================================
 report_power
============================================================================
======================= nom_tt_025C_1v80 Corner ===================================

Group                    Internal    Switching      Leakage        Total
                            Power        Power        Power        Power (Watts)
------------------------------------------------------------------------
Sequential           1.984289e-03 7.820687e-05 2.128306e-08 2.062517e-03  35.1%
Combinational        3.932341e-04 8.099874e-04 3.555261e-08 1.203257e-03  20.5%
Clock                1.230974e-03 1.055227e-03 1.577283e-08 2.286216e-03  39.0%
Macro                3.141761e-04 2.026123e-06 2.302500e-09 3.162045e-04   5.4%
Pad                  0.000000e+00 0.000000e+00 0.000000e+00 0.000000e+00   0.0%
------------------------------------------------------------------------
Total                3.922675e-03 1.945447e-03 7.491207e-08 5.868198e-03 100.0%
                            66.8%        33.2%         0.0%

