
===========================================================================
 report_power
============================================================================
======================= min_ss_100C_1v60 Corner ===================================

Group                    Internal    Switching      Leakage        Total
                            Power        Power        Power        Power (Watts)
------------------------------------------------------------------------
Sequential           1.523787e-03 5.776056e-05 2.905657e-05 1.610604e-03  34.5%
Combinational        3.131305e-04 5.969153e-04 4.051845e-05 9.505643e-04  20.3%
Clock                1.009379e-03 7.835504e-04 3.711310e-06 1.796641e-03  38.4%
Macro                3.141761e-04 1.895468e-06 2.302500e-09 3.160738e-04   6.8%
Pad                  0.000000e+00 0.000000e+00 0.000000e+00 0.000000e+00   0.0%
------------------------------------------------------------------------
Total                3.160472e-03 1.440120e-03 7.328636e-05 4.673878e-03 100.0%
                            67.6%        30.8%         1.6%

