
===========================================================================
 report_power
============================================================================
======================= max_ss_100C_1v60 Corner ===================================

Group                    Internal    Switching      Leakage        Total
                            Power        Power        Power        Power (Watts)
------------------------------------------------------------------------
Sequential           1.523167e-03 6.417384e-05 2.905657e-05 1.616397e-03  33.4%
Combinational        3.131648e-04 6.775895e-04 4.051845e-05 1.031273e-03  21.3%
Clock                1.009718e-03 8.647169e-04 3.711310e-06 1.878146e-03  38.8%
Macro                3.141761e-04 2.155896e-06 2.302500e-09 3.163342e-04   6.5%
Pad                  0.000000e+00 0.000000e+00 0.000000e+00 0.000000e+00   0.0%
------------------------------------------------------------------------
Total                3.160222e-03 1.608637e-03 7.328636e-05 4.842144e-03 100.0%
                            65.3%        33.2%         1.5%

