┏━━━━━━━━━━━━━━━━━━━━━━┳━━━━━━━━━━┳━━━━━━━━━━┳━━━━━━━━━━┳━━━━━━━━━━┳━━━━━━━━━━━┳━━━━━━━━━━┳━━━━━━━━━━━┳━━━━━━━━━━┳━━━━━━━━━━━┳━━━━━━━━━━┳━━━━━━━━━━━┳━━━━━━━━━━┓
┃                      ┃ Hold     ┃ Reg to   ┃          ┃          ┃ of which  ┃ Setup    ┃           ┃          ┃           ┃ of which ┃           ┃          ┃
┃                      ┃ Worst    ┃ Reg      ┃          ┃ Hold Vio ┃ reg to    ┃ Worst    ┃ Reg to    ┃ Setup    ┃ Setup Vio ┃ reg to   ┃ Max Cap   ┃ Max Slew ┃
┃ Corner/Group         ┃ Slack    ┃ Paths    ┃ Hold TNS ┃ Count    ┃ reg       ┃ Slack    ┃ Reg Paths ┃ TNS      ┃ Count     ┃ reg      ┃ Violatio… ┃ Violati… ┃
┡━━━━━━━━━━━━━━━━━━━━━━╇━━━━━━━━━━╇━━━━━━━━━━╇━━━━━━━━━━╇━━━━━━━━━━╇━━━━━━━━━━━╇━━━━━━━━━━╇━━━━━━━━━━━╇━━━━━━━━━━╇━━━━━━━━━━━╇━━━━━━━━━━╇━━━━━━━━━━━╇━━━━━━━━━━┩
│ Overall              │ 0.0073   │ 0.1222   │ 0.0000   │ 0        │ 0         │ 4.3896   │ 4.3896    │ 0.0000   │ 0         │ 0        │ 3         │ 53       │
│ nom_tt_025C_1v80     │ 0.1157   │ 0.3392   │ 0.0000   │ 0        │ 0         │ 10.9595  │ 14.5569   │ 0.0000   │ 0         │ 0        │ 0         │ 0        │
│ nom_ss_100C_1v60     │ 0.5183   │ 0.9098   │ 0.0000   │ 0        │ 0         │ 4.9114   │ 4.9114    │ 0.0000   │ 0         │ 0        │ 3         │ 44       │
│ nom_ff_n40C_1v95     │ 0.0290   │ 0.1267   │ 0.0000   │ 0        │ 0         │ 11.0330  │ N/A       │ 0.0000   │ 0         │ 0        │ 0         │ 0        │
│ min_tt_025C_1v80     │ 0.1321   │ 0.3329   │ 0.0000   │ 0        │ 0         │ 10.9816  │ 14.9360   │ 0.0000   │ 0         │ 0        │ 0         │ 0        │
│ min_ss_100C_1v60     │ 0.4847   │ 0.8988   │ 0.0000   │ 0        │ 0         │ 5.4660   │ 5.4660    │ 0.0000   │ 0         │ 0        │ 3         │ 29       │
│ min_ff_n40C_1v95     │ 0.0463   │ 0.1222   │ 0.0000   │ 0        │ 0         │ 11.0481  │ N/A       │ 0.0000   │ 0         │ 0        │ 0         │ 0        │
│ max_tt_025C_1v80     │ 0.0921   │ 0.3451   │ 0.0000   │ 0        │ 0         │ 10.9464  │ 14.2073   │ 0.0000   │ 0         │ 0        │ 0         │ 4        │
│ max_ss_100C_1v60     │ 0.4889   │ 0.9199   │ 0.0000   │ 0        │ 0         │ 4.3896   │ 4.3896    │ 0.0000   │ 0         │ 0        │ 3         │ 53       │
│ max_ff_n40C_1v95     │ 0.0073   │ 0.1310   │ 0.0000   │ 0        │ 0         │ 11.0054  │ N/A       │ 0.0000   │ 0         │ 0        │ 0         │ 4        │
└──────────────────────┴──────────┴──────────┴──────────┴──────────┴───────────┴──────────┴───────────┴──────────┴───────────┴──────────┴───────────┴──────────┘
