
===========================================================================
 report_power
============================================================================
======================= min_tt_025C_1v80 Corner ===================================

Group                    Internal    Switching      Leakage        Total
                            Power        Power        Power        Power (Watts)
------------------------------------------------------------------------
Sequential           1.984547e-03 7.407826e-05 2.128306e-08 2.058646e-03  35.8%
Combinational        3.932225e-04 7.556776e-04 3.555261e-08 1.148936e-03  20.0%
Clock                1.230915e-03 1.003615e-03 1.577283e-08 2.234546e-03  38.8%
Macro                3.141761e-04 1.893971e-06 2.302500e-09 3.160723e-04   5.5%
Pad                  0.000000e+00 0.000000e+00 0.000000e+00 0.000000e+00   0.0%
------------------------------------------------------------------------
Total                3.922867e-03 1.835266e-03 7.491207e-08 5.758208e-03 100.0%
                            68.1%        31.9%         0.0%

