
===========================================================================
 report_power
============================================================================
======================= nom_ff_n40C_1v95 Corner ===================================

Group                    Internal    Switching      Leakage        Total
                            Power        Power        Power        Power (Watts)
------------------------------------------------------------------------
Sequential           2.306465e-03 9.342410e-05 2.747269e-08 2.399917e-03  35.4%
Combinational        4.541945e-04 9.498748e-04 8.584353e-08 1.404155e-03  20.7%
Clock                1.405246e-03 1.249816e-03 2.683762e-08 2.655090e-03  39.2%
Macro                3.141761e-04 2.024101e-06 2.302500e-09 3.162025e-04   4.7%
Pad                  0.000000e+00 0.000000e+00 0.000000e+00 0.000000e+00   0.0%
------------------------------------------------------------------------
Total                4.480083e-03 2.295137e-03 1.424610e-07 6.775362e-03 100.0%
                            66.1%        33.9%         0.0%

