
===========================================================================
 report_power
============================================================================
======================= nom_ss_100C_1v60 Corner ===================================

Group                    Internal    Switching      Leakage        Total
                            Power        Power        Power        Power (Watts)
------------------------------------------------------------------------
Sequential           1.523451e-03 6.102271e-05 2.905657e-05 1.613531e-03  33.9%
Combinational        3.131789e-04 6.398271e-04 4.051845e-05 9.935244e-04  20.9%
Clock                1.009656e-03 8.243301e-04 3.711310e-06 1.837697e-03  38.6%
Macro                3.141761e-04 2.027620e-06 2.302500e-09 3.162060e-04   6.6%
Pad                  0.000000e+00 0.000000e+00 0.000000e+00 0.000000e+00   0.0%
------------------------------------------------------------------------
Total                3.160463e-03 1.527207e-03 7.328636e-05 4.760956e-03 100.0%
                            66.4%        32.1%         1.5%

